#@ # 
#@ # Running icc2_shell Version W-2024.09 for linux64 -- Aug 25, 2024
#@ # Date:   Sun Apr  5 05:30:07 2026
#@ # Run by: student@ict-chipin.sot.pdpu.ac.in
#@ 

source scripts/01_setup.tcl
source scripts/02_netlist_read.tcl
win_set_filter -visible -class cell -filter {assembly_die_margin bridge clock_margin filler_allowed_margin hard_macro_margin hard_margin route_blockage_margin seal_ring_margin soft_margin substrate} -layer {}
win_set_filter -visible -class pseudo_bump -filter {deleted} -layer {}
win_set_filter -visible -class pseudo_tsv -filter {deleted} -layer {}
win_set_filter -visible -class placement_blockage -filter {wiring} -layer {0-82}
win_set_filter -expand_cell_types {soft_macro  }
win_set_select_class -visible {cell port bound routing_blockage shaping_blockage pg_region bump_region pseudo_bump pseudo_tsv pin_blockage block_shielding topology_node topology_edge topology_repeater annotation_shape core_area die_area edit_group shape via terminal fill_cell metal_area metal_area_hole placement_blockage }
win_set_filter -class cell -filter {array assembly_die_margin bridge clock_margin filler_allowed_margin hard_macro_margin hard_margin route_blockage_margin seal_ring_margin soft_margin substrate} -layer {}
win_set_filter -class pseudo_bump -filter {deleted} -layer {}
win_set_filter -class pseudo_tsv -filter {deleted} -layer {}
win_set_filter -class placement_blockage -filter {wiring} -layer {0-82}
win_set_select_class {cell port bound routing_blockage shaping_blockage pg_region bump_region pseudo_bump pseudo_tsv pin_blockage topology_node topology_edge topology_repeater annotation_shape edit_group shape via metal_area metal_area_hole placement_blockage }
win_select_objects -slct_targets global -at {2.026 0.887} -radius 0.0051
win_select_objects -slct_targets global -at {2.226 0.871} -radius 0.0051
win_select_objects -slct_targets global -at {1.701 0.861} -radius 0.0051
gui_zoom -window [gui_get_current_window -types Layout -mru] -factor 2 -at_point {1.953 0.388}
gui_zoom -window [gui_get_current_window -types Layout -mru] -factor 2 -at_point {1.954 0.388}
gui_zoom -window [gui_get_current_window -types Layout -mru] -factor 2 -at_point {1.906 0.333}
gui_zoom -window [gui_get_current_window -types Layout -mru] -factor 2 -at_point {1.906 0.333}
gui_zoom -window [gui_get_current_window -types Layout -mru] -factor 2 -at_point {1.906 0.333}
gui_zoom -window [gui_get_current_window -types Layout -mru] -factor 0.5 -at_point {1.906 0.333}
gui_zoom -window [gui_get_current_window -types Layout -mru] -factor 0.5 -at_point {1.906 0.333}
gui_zoom -window [gui_get_current_window -types Layout -mru] -factor 0.5 -at_point {1.906 0.333}
gui_zoom -window [gui_get_current_window -types Layout -mru] -factor 0.5 -at_point {1.907 0.333}
gui_zoom -window [gui_get_current_window -types Layout -mru] -factor 0.5 -at_point {1.908 0.333}
gui_zoom -window [gui_get_current_window -types Layout -mru] -factor 0.5 -at_point {1.911 0.336}
gui_zoom -window [gui_get_current_window -types Layout -mru] -factor 0.5 -at_point {1.911 0.341}
gui_zoom -window [gui_get_current_window -types Layout -mru] -factor 2 -at_point {1.890 0.589}
gui_zoom -window [gui_get_current_window -types Layout -mru] -factor 2 -at_point {1.890 0.589}
source scripts/03_floorplan.tcl
source scripts/04_power_planning.tcl
gui_zoom -window [gui_get_current_window -types Layout -mru] -factor 2 -at_point {4.540 5.269}
gui_zoom -window [gui_get_current_window -types Layout -mru] -factor 2 -at_point {4.540 5.269}
gui_zoom -window [gui_get_current_window -types Layout -mru] -factor 0.5 -at_point {4.550 5.272}
gui_zoom -window [gui_get_current_window -types Layout -mru] -factor 0.5 -at_point {4.587 5.389}
gui_zoom -window [gui_get_current_window -types Layout -mru] -factor 0.5 -at_point {4.581 5.389}
gui_zoom -window [gui_get_current_window -types Layout -mru] -factor 0.5 -at_point {4.648 5.443}
gui_zoom -window [gui_get_current_window -types Layout -mru] -factor 0.5 -at_point {4.675 5.416}
gui_zoom -window [gui_get_current_window -view] -full
source scripts/05_placement.tcl `
source scripts/05_placement.tcl
source scripts/06_clock.tcl
gui_zoom -window [gui_get_current_window -view] -full
source scripts/07_route.tcl
gui_zoom -window [gui_get_current_window -view] -full
source scripts/08_signoff_outputs.tcl
