[icc2-lic Sun Apr  5 05:45:46 2026] Command 'report_timing' requires licenses
[icc2-lic Sun Apr  5 05:45:46 2026] Attempting to check-out alternate set of keys directly with queueing
[icc2-lic Sun Apr  5 05:45:46 2026] Sending count request for 'ICCompilerII-8' 
[icc2-lic Sun Apr  5 05:45:46 2026] Count request for 'ICCompilerII-8' returned 1 
[icc2-lic Sun Apr  5 05:45:46 2026] Sending check-out request for 'ICCompilerII-8' (1) with wait option
[icc2-lic Sun Apr  5 05:45:46 2026] Check-out request for 'ICCompilerII-8' with wait option succeeded
[icc2-lic Sun Apr  5 05:45:46 2026] Sending checkout check request for 'ICCompilerII-8' 
[icc2-lic Sun Apr  5 05:45:46 2026] Checkout check request for 'ICCompilerII-8' returned 0 
[icc2-lic Sun Apr  5 05:45:46 2026] Sending count request for 'ICCompilerII-8' 
[icc2-lic Sun Apr  5 05:45:46 2026] Count request for 'ICCompilerII-8' returned 1 
[icc2-lic Sun Apr  5 05:45:46 2026] Sending count request for 'ICCompilerII-NX' 
[icc2-lic Sun Apr  5 05:45:46 2026] Count request for 'ICCompilerII-NX' returned 1 
[icc2-lic Sun Apr  5 05:45:46 2026] Sending check-out request for 'ICCompilerII-NX' (1) with wait option
[icc2-lic Sun Apr  5 05:45:46 2026] Check-out request for 'ICCompilerII-NX' with wait option succeeded
[icc2-lic Sun Apr  5 05:45:46 2026] Sending checkout check request for 'ICCompilerII-NX' 
[icc2-lic Sun Apr  5 05:45:46 2026] Checkout check request for 'ICCompilerII-NX' returned 0 
[icc2-lic Sun Apr  5 05:45:46 2026] Sending count request for 'ICCompilerII-NX' 
[icc2-lic Sun Apr  5 05:45:46 2026] Count request for 'ICCompilerII-NX' returned 1 
[icc2-lic Sun Apr  5 05:45:46 2026] Check-out of alternate set of keys directly with queueing was successful
****************************************
Report : timing
        -path_type full
        -delay_type min
        -max_paths 20
        -report_by design
        -input_pins
Design : updown_counter
Version: W-2024.09
Date   : Sun Apr  5 05:45:46 2026
****************************************

  Startpoint: count_reg[0] (rising edge-triggered flip-flop clocked by Clock)
  Endpoint: count_reg[0] (rising edge-triggered flip-flop clocked by Clock)
  Mode: func
  Corner: nom
  Scenario: func::nom
  Path Group: Clock
  Path Type: min

  Point                                            Incr      Path  
  ------------------------------------------------------------------------
  clock Clock (rise edge)                          0.00      0.00
  clock network delay (propagated)                 0.00      0.00

  count_reg[0]/CLK (DFFARX1_RVT)                   0.00      0.00 r
  count_reg[0]/QN (DFFARX1_RVT)                    0.06      0.06 r
  copt_h_inst_690/A (DELLN2X2_RVT)                 0.00      0.06 r
  copt_h_inst_690/Y (DELLN2X2_RVT)                 0.14      0.20 r
  count_reg[0]/D (DFFARX1_RVT)                     0.00      0.20 r
  data arrival time                                          0.20

  clock Clock (rise edge)                          0.00      0.00
  clock network delay (propagated)                 0.00      0.00
  count_reg[0]/CLK (DFFARX1_RVT)                   0.00      0.00 r
  clock uncertainty                                0.20      0.20
  library hold time                               -0.00      0.20
  data required time                                         0.20
  ------------------------------------------------------------------------
  data required time                                         0.20
  data arrival time                                         -0.20
  ------------------------------------------------------------------------
  slack (MET)                                                0.00



  Startpoint: count_reg[2] (rising edge-triggered flip-flop clocked by Clock)
  Endpoint: count_reg[2] (rising edge-triggered flip-flop clocked by Clock)
  Mode: func
  Corner: nom
  Scenario: func::nom
  Path Group: Clock
  Path Type: min

  Point                                            Incr      Path  
  ------------------------------------------------------------------------
  clock Clock (rise edge)                          0.00      0.00
  clock network delay (propagated)                 0.00      0.00

  count_reg[2]/CLK (DFFARX1_RVT)                   0.00      0.00 r
  count_reg[2]/QN (DFFARX1_RVT)                    0.06      0.06 f
  U16/CI (FADDX1_RVT)                              0.00      0.06 f
  U16/S (FADDX1_RVT)                               0.04      0.10 r
  copt_h_inst_691/A (DELLN1X2_RVT)                 0.00      0.10 r
  copt_h_inst_691/Y (DELLN1X2_RVT)                 0.10      0.21 r
  count_reg[2]/D (DFFARX1_RVT)                     0.00      0.21 r
  data arrival time                                          0.21

  clock Clock (rise edge)                          0.00      0.00
  clock network delay (propagated)                 0.00      0.00
  count_reg[2]/CLK (DFFARX1_RVT)                   0.00      0.00 r
  clock uncertainty                                0.20      0.20
  library hold time                               -0.00      0.20
  data required time                                         0.20
  ------------------------------------------------------------------------
  data required time                                         0.20
  data arrival time                                         -0.21
  ------------------------------------------------------------------------
  slack (MET)                                                0.01



  Startpoint: count_reg[3] (rising edge-triggered flip-flop clocked by Clock)
  Endpoint: count_reg[3] (rising edge-triggered flip-flop clocked by Clock)
  Mode: func
  Corner: nom
  Scenario: func::nom
  Path Group: Clock
  Path Type: min

  Point                                            Incr      Path  
  ------------------------------------------------------------------------
  clock Clock (rise edge)                          0.00      0.00
  clock network delay (propagated)                 0.00      0.00

  count_reg[3]/CLK (DFFARX1_RVT)                   0.00      0.00 r
  count_reg[3]/Q (DFFARX1_RVT)                     0.09      0.09 r
  U18/A0 (HADDX1_RVT)                              0.00      0.09 r
  U18/SO (HADDX1_RVT)                              0.03      0.12 r
  copt_h_inst_693/A (DELLN1X2_RVT)                 0.00      0.12 r
  copt_h_inst_693/Y (DELLN1X2_RVT)                 0.10      0.22 r
  count_reg[3]/D (DFFARX1_RVT)                     0.00      0.22 r
  data arrival time                                          0.22

  clock Clock (rise edge)                          0.00      0.00
  clock network delay (propagated)                 0.00      0.00
  count_reg[3]/CLK (DFFARX1_RVT)                   0.00      0.00 r
  clock uncertainty                                0.20      0.20
  library hold time                               -0.00      0.20
  data required time                                         0.20
  ------------------------------------------------------------------------
  data required time                                         0.20
  data arrival time                                         -0.22
  ------------------------------------------------------------------------
  slack (MET)                                                0.03



  Startpoint: count_reg[0] (rising edge-triggered flip-flop clocked by Clock)
  Endpoint: count_reg[1] (rising edge-triggered flip-flop clocked by Clock)
  Mode: func
  Corner: nom
  Scenario: func::nom
  Path Group: Clock
  Path Type: min

  Point                                            Incr      Path  
  ------------------------------------------------------------------------
  clock Clock (rise edge)                          0.00      0.00
  clock network delay (propagated)                 0.00      0.00

  count_reg[0]/CLK (DFFARX1_RVT)                   0.00      0.00 r
  count_reg[0]/Q (DFFARX1_RVT)                     0.09      0.09 r
  U15/CI (FADDX1_RVT)                              0.00      0.09 r
  U15/S (FADDX1_RVT)                               0.05      0.15 f
  U12/A (INVX0_RVT)                                0.00      0.15 f
  U12/Y (INVX0_RVT)                                0.02      0.17 r
  copt_h_inst_694/A (DELLN1X2_RVT)                 0.00      0.17 r
  copt_h_inst_694/Y (DELLN1X2_RVT)                 0.10      0.27 r
  count_reg[1]/D (DFFARX1_RVT)                     0.00      0.27 r
  data arrival time                                          0.27

  clock Clock (rise edge)                          0.00      0.00
  clock network delay (propagated)                 0.00      0.00
  count_reg[1]/CLK (DFFARX1_RVT)                   0.00      0.00 r
  clock uncertainty                                0.20      0.20
  library hold time                               -0.00      0.20
  data required time                                         0.20
  ------------------------------------------------------------------------
  data required time                                         0.20
  data arrival time                                         -0.27
  ------------------------------------------------------------------------
  slack (MET)                                                0.08



  Startpoint: rst (input port clocked by Clock)
  Endpoint: count_reg[1] (removal check against rising-edge clock clocked by Clock)
  Mode: func
  Corner: nom
  Scenario: func::nom
  Path Group: **in2reg_default**
  Path Type: min

  Point                                            Incr      Path  
  ------------------------------------------------------------------------
  clock Clock (rise edge)                          0.00      0.00
  clock network delay (propagated)                 0.00      0.00
  input external delay                             2.00      2.00 f
  rst (in)                                         0.00      2.00 f
  U14/A (INVX0_RVT)                                0.00      2.00 f
  U14/Y (INVX0_RVT)                                0.03      2.03 r
  count_reg[1]/RSTB (DFFARX1_RVT)                  0.00      2.03 r
  data arrival time                                          2.03

  clock Clock (rise edge)                          0.00      0.00
  clock network delay (propagated)                 0.00      0.00
  count_reg[1]/CLK (DFFARX1_RVT)                   0.00      0.00 r
  clock uncertainty                                0.20      0.20
  library hold time                                0.07      0.27
  data required time                                         0.27
  ------------------------------------------------------------------------
  data required time                                         0.27
  data arrival time                                         -2.03
  ------------------------------------------------------------------------
  slack (MET)                                                1.75



  Startpoint: rst (input port clocked by Clock)
  Endpoint: count_reg[3] (removal check against rising-edge clock clocked by Clock)
  Mode: func
  Corner: nom
  Scenario: func::nom
  Path Group: **in2reg_default**
  Path Type: min

  Point                                            Incr      Path  
  ------------------------------------------------------------------------
  clock Clock (rise edge)                          0.00      0.00
  clock network delay (propagated)                 0.00      0.00
  input external delay                             2.00      2.00 f
  rst (in)                                         0.00      2.00 f
  U14/A (INVX0_RVT)                                0.00      2.00 f
  U14/Y (INVX0_RVT)                                0.03      2.03 r
  count_reg[3]/RSTB (DFFARX1_RVT)                  0.00      2.03 r
  data arrival time                                          2.03

  clock Clock (rise edge)                          0.00      0.00
  clock network delay (propagated)                 0.00      0.00
  count_reg[3]/CLK (DFFARX1_RVT)                   0.00      0.00 r
  clock uncertainty                                0.20      0.20
  library hold time                                0.07      0.27
  data required time                                         0.27
  ------------------------------------------------------------------------
  data required time                                         0.27
  data arrival time                                         -2.03
  ------------------------------------------------------------------------
  slack (MET)                                                1.75



  Startpoint: rst (input port clocked by Clock)
  Endpoint: count_reg[0] (removal check against rising-edge clock clocked by Clock)
  Mode: func
  Corner: nom
  Scenario: func::nom
  Path Group: **in2reg_default**
  Path Type: min

  Point                                            Incr      Path  
  ------------------------------------------------------------------------
  clock Clock (rise edge)                          0.00      0.00
  clock network delay (propagated)                 0.00      0.00
  input external delay                             2.00      2.00 f
  rst (in)                                         0.00      2.00 f
  U14/A (INVX0_RVT)                                0.00      2.00 f
  U14/Y (INVX0_RVT)                                0.03      2.03 r
  count_reg[0]/RSTB (DFFARX1_RVT)                  0.00      2.03 r
  data arrival time                                          2.03

  clock Clock (rise edge)                          0.00      0.00
  clock network delay (propagated)                 0.00      0.00
  count_reg[0]/CLK (DFFARX1_RVT)                   0.00      0.00 r
  clock uncertainty                                0.20      0.20
  library hold time                                0.07      0.27
  data required time                                         0.27
  ------------------------------------------------------------------------
  data required time                                         0.27
  data arrival time                                         -2.03
  ------------------------------------------------------------------------
  slack (MET)                                                1.75



  Startpoint: rst (input port clocked by Clock)
  Endpoint: count_reg[2] (removal check against rising-edge clock clocked by Clock)
  Mode: func
  Corner: nom
  Scenario: func::nom
  Path Group: **in2reg_default**
  Path Type: min

  Point                                            Incr      Path  
  ------------------------------------------------------------------------
  clock Clock (rise edge)                          0.00      0.00
  clock network delay (propagated)                 0.00      0.00
  input external delay                             2.00      2.00 f
  rst (in)                                         0.00      2.00 f
  U14/A (INVX0_RVT)                                0.00      2.00 f
  U14/Y (INVX0_RVT)                                0.03      2.03 r
  count_reg[2]/RSTB (DFFARX1_RVT)                  0.00      2.03 r
  data arrival time                                          2.03

  clock Clock (rise edge)                          0.00      0.00
  clock network delay (propagated)                 0.00      0.00
  count_reg[2]/CLK (DFFARX1_RVT)                   0.00      0.00 r
  clock uncertainty                                0.20      0.20
  library hold time                                0.07      0.27
  data required time                                         0.27
  ------------------------------------------------------------------------
  data required time                                         0.27
  data arrival time                                         -2.03
  ------------------------------------------------------------------------
  slack (MET)                                                1.75



  Startpoint: count_reg[2] (rising edge-triggered flip-flop clocked by Clock)
  Endpoint: count[2] (output port clocked by Clock)
  Mode: func
  Corner: nom
  Scenario: func::nom
  Path Group: **reg2out_default**
  Path Type: min

  Point                                            Incr      Path  
  ------------------------------------------------------------------------
  clock Clock (rise edge)                          0.00      0.00
  clock network delay (propagated)                 0.00      0.00

  count_reg[2]/CLK (DFFARX1_RVT)                   0.00      0.00 r
  count_reg[2]/Q (DFFARX1_RVT)                     0.09      0.09 r
  count[2] (out)                                   0.00      0.09 r
  data arrival time                                          0.09

  clock Clock (rise edge)                          0.00      0.00
  clock network delay (propagated)                 0.00      0.00
  clock uncertainty                                0.20      0.20
  output external delay                           -2.00     -1.80
  data required time                                        -1.80
  ------------------------------------------------------------------------
  data required time                                        -1.80
  data arrival time                                         -0.09
  ------------------------------------------------------------------------
  slack (MET)                                                1.89



  Startpoint: count_reg[3] (rising edge-triggered flip-flop clocked by Clock)
  Endpoint: count[3] (output port clocked by Clock)
  Mode: func
  Corner: nom
  Scenario: func::nom
  Path Group: **reg2out_default**
  Path Type: min

  Point                                            Incr      Path  
  ------------------------------------------------------------------------
  clock Clock (rise edge)                          0.00      0.00
  clock network delay (propagated)                 0.00      0.00

  count_reg[3]/CLK (DFFARX1_RVT)                   0.00      0.00 r
  count_reg[3]/Q (DFFARX1_RVT)                     0.09      0.09 r
  count[3] (out)                                   0.00      0.09 r
  data arrival time                                          0.09

  clock Clock (rise edge)                          0.00      0.00
  clock network delay (propagated)                 0.00      0.00
  clock uncertainty                                0.20      0.20
  output external delay                           -2.00     -1.80
  data required time                                        -1.80
  ------------------------------------------------------------------------
  data required time                                        -1.80
  data arrival time                                         -0.09
  ------------------------------------------------------------------------
  slack (MET)                                                1.89



  Startpoint: count_reg[0] (rising edge-triggered flip-flop clocked by Clock)
  Endpoint: count[0] (output port clocked by Clock)
  Mode: func
  Corner: nom
  Scenario: func::nom
  Path Group: **reg2out_default**
  Path Type: min

  Point                                            Incr      Path  
  ------------------------------------------------------------------------
  clock Clock (rise edge)                          0.00      0.00
  clock network delay (propagated)                 0.00      0.00

  count_reg[0]/CLK (DFFARX1_RVT)                   0.00      0.00 r
  count_reg[0]/Q (DFFARX1_RVT)                     0.09      0.09 r
  count[0] (out)                                   0.00      0.09 r
  data arrival time                                          0.09

  clock Clock (rise edge)                          0.00      0.00
  clock network delay (propagated)                 0.00      0.00
  clock uncertainty                                0.20      0.20
  output external delay                           -2.00     -1.80
  data required time                                        -1.80
  ------------------------------------------------------------------------
  data required time                                        -1.80
  data arrival time                                         -0.09
  ------------------------------------------------------------------------
  slack (MET)                                                1.89



  Startpoint: count_reg[1] (rising edge-triggered flip-flop clocked by Clock)
  Endpoint: count[1] (output port clocked by Clock)
  Mode: func
  Corner: nom
  Scenario: func::nom
  Path Group: **reg2out_default**
  Path Type: min

  Point                                            Incr      Path  
  ------------------------------------------------------------------------
  clock Clock (rise edge)                          0.00      0.00
  clock network delay (propagated)                 0.00      0.00

  count_reg[1]/CLK (DFFARX1_RVT)                   0.00      0.00 r
  count_reg[1]/Q (DFFARX1_RVT)                     0.09      0.09 r
  count[1] (out)                                   0.00      0.09 r
  data arrival time                                          0.09

  clock Clock (rise edge)                          0.00      0.00
  clock network delay (propagated)                 0.00      0.00
  clock uncertainty                                0.20      0.20
  output external delay                           -2.00     -1.80
  data required time                                        -1.80
  ------------------------------------------------------------------------
  data required time                                        -1.80
  data arrival time                                         -0.09
  ------------------------------------------------------------------------
  slack (MET)                                                1.89


1
