version: (200506)

available memory: 64M bytes
used memory: 73728 bytes [need 72K bytes if disable swap]

used block: 2 [memory(2) file(0)]
                 [ 8K(1) 64K(1) { total 72K bytes } ]
overhead: (9514) bytes for (2) blocks [Average: (4757) bytes/block]

write  => 0(times) 0K(bytes) [0K bytes to file]
read   => 1(times) 3K(bytes) [0K bytes compressed data from file]
access => 92057(times) 721M(bytes)
          [hit ratio: 99.9989%]

time: write(0) read(0)  unit: second

swap file directory: (/home/student/Downloads/Workshop/RTL_SIMULATION/verdiLog)
used swap file number: (1)



swap file manager:
arrSize: (256)
idxCnt: (3)
closeHead: (1)
closeTail: (2)
openCnt: (2)
fid(2): fd(24) fileName(/home/student/Downloads/Workshop/RTL_SIMULATION/verdiLog/_swap_0001#1880993786#8732)
	size(0) lastModTime(0) curModTime(1775373867)
	mode(w+b)	hot(0) cool(1) pos(0)
fid(1): fd(1073741824) fileName(/home/student/Downloads/Workshop/RTL_SIMULATION/simv.daidir/kdb.elab++/work.lib++/updown_counter_tb.v.tdc)
	size(1540) lastModTime(1775373846) curModTime(1775373846)
	mode(rb)	hot(2) cool(0) pos(0)
fid(0): fd(0) fileName(NULL)
	mode(NULL)	hot(0) cool(0) pos(0)
==================================================
mySelf(0x227d2fa0) pre(0x1fa30660) next((nil))
version(200506)
date(Sep  2 2024 20:32:07)
