 
****************************************
Report : area
Design : updown_counter
Version: W-2024.09
Date   : Sun Apr  5 05:01:05 2026
****************************************

Library(s) Used:

    saed32rvt_ss0p7vn40c (File: /home/student/Downloads/Workshop/ref/lib/stdcell_rvt/saed32rvt_ss0p7vn40c.db)

Number of ports:                            7
Number of nets:                            17
Number of cells:                           11
Number of combinational cells:              7
Number of sequential cells:                 4
Number of macros/black boxes:               0
Number of buf/inv:                          3
Number of references:                       5

Combinational area:                 20.077376
Buf/Inv area:                        3.812160
Noncombinational area:              28.464128
Macro/Black Box area:                0.000000
Net Interconnect area:               3.094108

Total cell area:                    48.541504
Total area:                         51.635613

Hierarchical area distribution
------------------------------

                                  Global cell area          Local cell area
                                  ------------------  --------------------------- 
Hierarchical cell                 Absolute   Percent  Combi-    Noncombi-  Black-
                                  Total      Total    national  national   boxes   Design
--------------------------------  ---------  -------  --------  ---------  ------  ---------
updown_counter                      48.5415    100.0   20.0774    28.4641  0.0000  updown_counter
--------------------------------  ---------  -------  --------  ---------  ------  ---------
Total                                                  20.0774    28.4641  0.0000

1
