 
****************************************
Report : net
Design : updown_counter
Version: W-2024.09
Date   : Sun Apr  5 05:01:05 2026
****************************************


Operating Conditions: ss0p7vn40c   Library: saed32rvt_ss0p7vn40c
Wire Load Model Mode: enclosed

Design        Wire Load Model            Library
------------------------------------------------
updown_counter         ForQA             saed32rvt_ss0p7vn40c


Attributes:
   dr - drc disabled

Net
 Fanout    Fanin     Load      LoadUR    LoadUF    LoadLR    LoadLF    Resist    Pins      Attr
-----------------------------------------------------------------------------------------------
Clock
      4         1        3.24      3.76      3.42      3.05      3.03      0.09       5    dr
N14
      2         1        1.34      1.53      1.41      1.27      1.27      0.04       3    
N15
      1         1        0.65      0.77      0.68      0.60      0.60      0.02       2    
N16
      1         1        0.65      0.77      0.68      0.60      0.60      0.02       2    
count[0]
      2         1        1.76      1.92      1.83      1.70      1.70      0.04       3    
count[1]
      2         1        2.19      2.33      2.27      2.14      2.11      0.04       3    
count[2]
      2         1        0.92      0.99      0.95      0.90      0.90      0.04       3    
count[3]
      2         1        1.37      1.51      1.39      1.33      1.31      0.04       3    
dir
      1         1        1.93      2.04      1.98      1.86      1.86      0.02       2    
n6
      4         1        4.80      4.79      5.19      4.63      4.69      0.09       5    
n7
      3         1        3.33      3.72      3.49      3.20      3.15      0.07       4    
n8
      1         1        0.63      0.68      0.64      0.61      0.61      0.02       2    
n9
      3         1        3.35      3.67      3.48      3.21      3.19      0.07       4    
n10
      1         1        1.06      1.21      1.13      1.00      0.99      0.02       2    
n11
      2         1        2.19      2.51      2.31      2.10      2.09      0.04       3    
n12
      1         1        0.65      0.77      0.68      0.60      0.60      0.02       2    
rst
      1         1        0.67      0.82      0.73      0.62      0.61      0.02       2    
-----------------------------------------------------------------------------------------------
Total 17 nets
     33        17       30.73     33.81     32.24     29.44     29.28      0.70      50
Maximum
      4         1        4.80      4.79      5.19      4.63      4.69      0.09       5
Average
   1.94      1.00        1.81      1.99      1.90      1.73      1.72      0.04    2.94
1
