 
****************************************
Report : timing
        -path full
        -delay min
        -max_paths 10
Design : updown_counter
Version: W-2024.09
Date   : Sun Apr  5 05:01:05 2026
****************************************

Operating Conditions: ss0p7vn40c   Library: saed32rvt_ss0p7vn40c
Wire Load Model Mode: enclosed

  Startpoint: count_reg[0]
              (rising edge-triggered flip-flop clocked by Clock)
  Endpoint: count_reg[0]
            (rising edge-triggered flip-flop clocked by Clock)
  Path Group: Clock
  Path Type: min

  Des/Clust/Port     Wire Load Model       Library
  ------------------------------------------------
  updown_counter     ForQA                 saed32rvt_ss0p7vn40c

  Point                                    Incr       Path
  -----------------------------------------------------------
  clock Clock (rise edge)                  0.00       0.00
  clock network delay (ideal)              0.00       0.00
  count_reg[0]/CLK (DFFARX1_RVT)           0.00       0.00 r
  count_reg[0]/QN (DFFARX1_RVT)            0.53       0.53 r
  count_reg[0]/D (DFFARX1_RVT)             0.00       0.53 r
  data arrival time                                   0.53

  clock Clock (rise edge)                  0.00       0.00
  clock network delay (ideal)              0.00       0.00
  clock uncertainty                        0.20       0.20
  count_reg[0]/CLK (DFFARX1_RVT)           0.00       0.20 r
  library hold time                       -0.02       0.18
  data required time                                  0.18
  -----------------------------------------------------------
  data required time                                  0.18
  data arrival time                                  -0.53
  -----------------------------------------------------------
  slack (MET)                                         0.36


  Startpoint: count_reg[3]
              (rising edge-triggered flip-flop clocked by Clock)
  Endpoint: count_reg[3]
            (rising edge-triggered flip-flop clocked by Clock)
  Path Group: Clock
  Path Type: min

  Des/Clust/Port     Wire Load Model       Library
  ------------------------------------------------
  updown_counter     ForQA                 saed32rvt_ss0p7vn40c

  Point                                    Incr       Path
  -----------------------------------------------------------
  clock Clock (rise edge)                  0.00       0.00
  clock network delay (ideal)              0.00       0.00
  count_reg[3]/CLK (DFFARX1_RVT)           0.00       0.00 r
  count_reg[3]/Q (DFFARX1_RVT)             0.73       0.73 f
  U18/SO (HADDX1_RVT)                      0.24       0.97 r
  count_reg[3]/D (DFFARX1_RVT)             0.00       0.97 r
  data arrival time                                   0.97

  clock Clock (rise edge)                  0.00       0.00
  clock network delay (ideal)              0.00       0.00
  clock uncertainty                        0.20       0.20
  count_reg[3]/CLK (DFFARX1_RVT)           0.00       0.20 r
  library hold time                        0.00       0.20
  data required time                                  0.20
  -----------------------------------------------------------
  data required time                                  0.20
  data arrival time                                  -0.97
  -----------------------------------------------------------
  slack (MET)                                         0.77


  Startpoint: count_reg[2]
              (rising edge-triggered flip-flop clocked by Clock)
  Endpoint: count_reg[2]
            (rising edge-triggered flip-flop clocked by Clock)
  Path Group: Clock
  Path Type: min

  Des/Clust/Port     Wire Load Model       Library
  ------------------------------------------------
  updown_counter     ForQA                 saed32rvt_ss0p7vn40c

  Point                                    Incr       Path
  -----------------------------------------------------------
  clock Clock (rise edge)                  0.00       0.00
  clock network delay (ideal)              0.00       0.00
  count_reg[2]/CLK (DFFARX1_RVT)           0.00       0.00 r
  count_reg[2]/QN (DFFARX1_RVT)            0.59       0.59 r
  U16/S (FADDX1_RVT)                       0.40       0.99 r
  count_reg[2]/D (DFFARX1_RVT)             0.00       0.99 r
  data arrival time                                   0.99

  clock Clock (rise edge)                  0.00       0.00
  clock network delay (ideal)              0.00       0.00
  clock uncertainty                        0.20       0.20
  count_reg[2]/CLK (DFFARX1_RVT)           0.00       0.20 r
  library hold time                       -0.01       0.19
  data required time                                  0.19
  -----------------------------------------------------------
  data required time                                  0.19
  data arrival time                                  -0.99
  -----------------------------------------------------------
  slack (MET)                                         0.80


  Startpoint: count_reg[0]
              (rising edge-triggered flip-flop clocked by Clock)
  Endpoint: count_reg[1]
            (rising edge-triggered flip-flop clocked by Clock)
  Path Group: Clock
  Path Type: min

  Des/Clust/Port     Wire Load Model       Library
  ------------------------------------------------
  updown_counter     ForQA                 saed32rvt_ss0p7vn40c

  Point                                    Incr       Path
  -----------------------------------------------------------
  clock Clock (rise edge)                  0.00       0.00
  clock network delay (ideal)              0.00       0.00
  count_reg[0]/CLK (DFFARX1_RVT)           0.00       0.00 r
  count_reg[0]/Q (DFFARX1_RVT)             0.74       0.74 f
  U15/S (FADDX1_RVT)                       0.41       1.15 r
  U12/Y (INVX0_RVT)                        0.16       1.31 f
  count_reg[1]/D (DFFARX1_RVT)             0.00       1.31 f
  data arrival time                                   1.31

  clock Clock (rise edge)                  0.00       0.00
  clock network delay (ideal)              0.00       0.00
  clock uncertainty                        0.20       0.20
  count_reg[1]/CLK (DFFARX1_RVT)           0.00       0.20 r
  library hold time                       -0.04       0.16
  data required time                                  0.16
  -----------------------------------------------------------
  data required time                                  0.16
  data arrival time                                  -1.31
  -----------------------------------------------------------
  slack (MET)                                         1.16


  Startpoint: count_reg[2]
              (rising edge-triggered flip-flop clocked by Clock)
  Endpoint: count[2] (output port clocked by Clock)
  Path Group: Clock
  Path Type: min

  Des/Clust/Port     Wire Load Model       Library
  ------------------------------------------------
  updown_counter     ForQA                 saed32rvt_ss0p7vn40c

  Point                                    Incr       Path
  -----------------------------------------------------------
  clock Clock (rise edge)                  0.00       0.00
  clock network delay (ideal)              0.00       0.00
  count_reg[2]/CLK (DFFARX1_RVT)           0.00       0.00 r
  count_reg[2]/Q (DFFARX1_RVT)             0.72       0.72 f
  count[2] (out)                           0.00       0.72 f
  data arrival time                                   0.72

  clock Clock (rise edge)                  0.00       0.00
  clock network delay (ideal)              0.00       0.00
  clock uncertainty                        0.20       0.20
  output external delay                   -2.00      -1.80
  data required time                                 -1.80
  -----------------------------------------------------------
  data required time                                 -1.80
  data arrival time                                  -0.72
  -----------------------------------------------------------
  slack (MET)                                         2.52


  Startpoint: count_reg[3]
              (rising edge-triggered flip-flop clocked by Clock)
  Endpoint: count[3] (output port clocked by Clock)
  Path Group: Clock
  Path Type: min

  Des/Clust/Port     Wire Load Model       Library
  ------------------------------------------------
  updown_counter     ForQA                 saed32rvt_ss0p7vn40c

  Point                                    Incr       Path
  -----------------------------------------------------------
  clock Clock (rise edge)                  0.00       0.00
  clock network delay (ideal)              0.00       0.00
  count_reg[3]/CLK (DFFARX1_RVT)           0.00       0.00 r
  count_reg[3]/Q (DFFARX1_RVT)             0.73       0.73 f
  count[3] (out)                           0.00       0.73 f
  data arrival time                                   0.73

  clock Clock (rise edge)                  0.00       0.00
  clock network delay (ideal)              0.00       0.00
  clock uncertainty                        0.20       0.20
  output external delay                   -2.00      -1.80
  data required time                                 -1.80
  -----------------------------------------------------------
  data required time                                 -1.80
  data arrival time                                  -0.73
  -----------------------------------------------------------
  slack (MET)                                         2.53


  Startpoint: count_reg[0]
              (rising edge-triggered flip-flop clocked by Clock)
  Endpoint: count[0] (output port clocked by Clock)
  Path Group: Clock
  Path Type: min

  Des/Clust/Port     Wire Load Model       Library
  ------------------------------------------------
  updown_counter     ForQA                 saed32rvt_ss0p7vn40c

  Point                                    Incr       Path
  -----------------------------------------------------------
  clock Clock (rise edge)                  0.00       0.00
  clock network delay (ideal)              0.00       0.00
  count_reg[0]/CLK (DFFARX1_RVT)           0.00       0.00 r
  count_reg[0]/Q (DFFARX1_RVT)             0.74       0.74 f
  count[0] (out)                           0.00       0.74 f
  data arrival time                                   0.74

  clock Clock (rise edge)                  0.00       0.00
  clock network delay (ideal)              0.00       0.00
  clock uncertainty                        0.20       0.20
  output external delay                   -2.00      -1.80
  data required time                                 -1.80
  -----------------------------------------------------------
  data required time                                 -1.80
  data arrival time                                  -0.74
  -----------------------------------------------------------
  slack (MET)                                         2.54


  Startpoint: count_reg[1]
              (rising edge-triggered flip-flop clocked by Clock)
  Endpoint: count[1] (output port clocked by Clock)
  Path Group: Clock
  Path Type: min

  Des/Clust/Port     Wire Load Model       Library
  ------------------------------------------------
  updown_counter     ForQA                 saed32rvt_ss0p7vn40c

  Point                                    Incr       Path
  -----------------------------------------------------------
  clock Clock (rise edge)                  0.00       0.00
  clock network delay (ideal)              0.00       0.00
  count_reg[1]/CLK (DFFARX1_RVT)           0.00       0.00 r
  count_reg[1]/Q (DFFARX1_RVT)             0.75       0.75 f
  count[1] (out)                           0.00       0.75 f
  data arrival time                                   0.75

  clock Clock (rise edge)                  0.00       0.00
  clock network delay (ideal)              0.00       0.00
  clock uncertainty                        0.20       0.20
  output external delay                   -2.00      -1.80
  data required time                                 -1.80
  -----------------------------------------------------------
  data required time                                 -1.80
  data arrival time                                  -0.75
  -----------------------------------------------------------
  slack (MET)                                         2.55


1
